<html>
<body>
<pre>
<h1>µVision Build Log</h1>
<h2>Project:</h2>
C:\Users\Hope\Desktop\RaceGame - Copy\SpaceInvaders.uvproj
Project File Date:  05/12/2016

<h2>Output:</h2>
Build target 'SpaceInvaders'
compiling SpaceInvaders.c...
GameImage.h(13): warning:  #1-D: last line of file ends without a newline
  };
SpaceInvaders.c(83): warning:  #68-D: integer conversion resulted in a change of sign
  unsigned long i = 0,j = 2, z = 1, game_car1_new_pos = -5, game_car2_new_pos = -10;
SpaceInvaders.c(83): warning:  #68-D: integer conversion resulted in a change of sign
  unsigned long i = 0,j = 2, z = 1, game_car1_new_pos = -5, game_car2_new_pos = -10;
SpaceInvaders.c(170): warning:  #68-D: integer conversion resulted in a change of sign
                        game_car1_pos = -1 * game_car1_new_pos;
SpaceInvaders.c(177): warning:  #68-D: integer conversion resulted in a change of sign
                        game_car2_pos = -1 * game_car2_new_pos;
SpaceInvaders.c: 5 warnings, 0 errors
linking...
Program Size: Code=4792 RO-data=1652 RW-data=124 ZI-data=1684  
".\SpaceInvaders.axf" - 0 Error(s), 5 Warning(s).
Load "C:\\Users\\Hope\\Desktop\\RaceGame - Copy\\SpaceInvaders.axf" 
Connecting: Mode=JTAG, Speed=1000000Hz
Erase Done.
Programming Done.
Verify OK.
